[   0.000]Initling cro sbsyscpet
[   .0000]Iniaizin cou subyspu
[    0.000000 Initializingcgup ssycpuact
[    00000] inx version 4..012geneicbuldd@gw-ad64-10(gc vesi 54.0 0160 (Ubnt5..0-6buu116.0.5) 135-UntSMP Frian1911:4:3UT 201 (unu 4..012135-enic4.4.8)[   0.000] Commad ne: BOT_AG=/boot/vmlinuz4..0-112-generic root=UUID=ee8827e1-8636-41fb-9829-982477f6eec9 ro console=tty1 console=ttyS0
[    0.000000] KERNEL supported cpus:
[    0.000000]   Intel GenuineIntel
[    0.000000]   AMD AuthenticAMD
[    0.000000]   Centaur CentaurHauls
[    0.000000] x86/fpu: xstate_offset[2]:  576, xstate_sizes[2]:  256
[    0.000000] x86/fpu: Supporting XSAVE feature 0x01: 'x87 floating point registers'
[    0.000000] x86/fpu: Supporting XSAVE feature 0x02: 'SSE registers'
[    0.000000] x86/fpu: Supporting XSAVE feature 0x04: 'AVX registers'
[    0.000000] x86/fpu: Enabled xstate features 0x7, context size is 832 bytes, using 'standard' format.
[    0.000000] x86/fpu: Using 'lazy' FPU context switches.
[    0.000000] e820: BIOS-provided physical RAM map:
[    0.000000] BIOS-e820: [mem 0x0000000000000000-0x000000000009fbff] usable
[    0.000000] BIOS-e820: [mem 0x000000000009fc00-0x00000000009fff] esrvd
[  .00000 BS-820:[mem 0x00000000f000x0000000ffff]reerd
[    0.000000 BS-820 [m x000000000100-0x00003ffeffusable[  0.000] IOS-e20[mm 0x00003fff00000x0000003ffffff] CP dta
[   00000]IO-e820: [mem 0x00000000fec00000-0x00000000fec00fff] reserved
   000000]BI-e20: [m x00000ee0000-0x00000000fee00fff] reserved
[    0.0000 BOS-e20: [em0x00000fc000-0000000ffff] reserd[    00000 NX Exut Disbl potection: aciv
   0.00000] MBOS 25 resent.
[   0.000000] Hypervisor detected: KVM
[    0.000000] e820: lastpfn = 0x3f0max_rcpf =0x000000
[  .00000 MRR Dsaed
[   00000]x8PAT: MTRRs disabled,skipinPA iniiazaion to.    0.000 CPUMTs ll ban -irtualiz stem.
[    0.000000] x86/PAT: Configuration [0-7]: WB  WT  UC- UC  WB  WT  UC- UC  
[    0.000000] found SMP MP-table at [mem 0x0009fff0-0x0009ffff] mapped at [ffff88000009fff0]
[    0.000000] Scanning 1 areas for low memory corruption
[    0.000000] RAMDISK: [mem 0x36234000-0x37111fff]
[    0.000000] ACPI: Early table checksum verification disabled
[    0.000000] ACPI: RSDP 0x00000000000E0000 000024 (v02 VBOX  )
[    0.000000] ACPI: XSDT 0x000000003FFF0030 00003C (v01 VBOX   VBOXXSDT 00000001 ASL  00000061)
[    0.000000] ACPI: FACP 0x000000003FFF00F0 0000F4 (v04 VBOX   VBOXFACP 00000001 ASL  00000061)
[    0.000000] ACPI: DSDT 0x000000003FFF0470 0021FF (v02 VBOX   VBOXBIOS 00000002 INTL 20100528)
[    0.000000] ACPI: FACS 0x000000003FFF0200 000040
[    0.000000] ACPI: FACS 0x000000003FFF0200 000040
[    0.000000] ACPI: APIC 0x0000003F024 0005Cv0 VBO  BOAPIC 000001 AL  00061
[    0.00000] PI SSD 0000000FF2A 000C 01 VOX VBOXCPUT 0000002 INTL20058)
[  0.0000 NNUA confiraon foud    00000 Faki aode at[mm 0000000000000-0x00003ffeff]
[  00000 NODE_DATA(0) allocated [mem 0x3ffeb000-0x3ffeffff]
[    0.000000] kvm-clock: Using msrs 4b564d01 and 4b564d00
[    0.000000] kvm-clock: cpu 0, msr 0:3ffe3001, primary cpu clock
[    0.000000] kvm-clock: using sched offset of 3260885691 cycles
[    0.000000] clocksource: kvm-clock: mask: 0xffffffffffffffff mx_ycles: 0x1cd42e44dff, x_dle_ns 881590591483 ns
[    0.000000] Zone ranges:
[    0.000000]   DMA      [mem 0x0000000000001000-0x0000000000ffffff]
[    0.00000  DMA3  [mm 0x0000010000x0000000fefff]
[    0.000000]   Normal   empty
[    0.000000]   Device   empty
[    0.000000] Movable zone start for each node
[    0.000000] Early memory node ranges
[    0.000000]   node   0: [mem 0x0000000000001000-0x000000000009efff]
[    0.000000]   node   0: [mem 0x0000000000100000-0x000000003ffeffff]
[    0.000000] Initmem setup node 0 [mem 0x0000000000001000-0x000000003ffeffff]
[    0.000000] ACPI: PM-Timer IO Port: 0x4008
[    0.000000] IOAPIC[0]: apic_id 2 vrsio 3 adres0xc0000,SI0-23
[  .00000 AI: IT_C_VR (bus 0 bus_irq 0 global_irq 2 dfl dfl)
[    0.000000] ACPI: INT_SRC_OVR (bus 0 bus_irq 9 global_irq 9 low level)
[    0.000000] Using ACPI (MT)or SP nfguraioinormaio
   00000 smpoo Alowing 2 CPUs 0hotpugCPUs
  0.00000] P: gitered nose mory: [mem 000000-0x0000f]
[    0.000] PM: Risered ose emory: [mem0x00000-x0009fff]
[  0.000] M: Regisrenosave mmo: [mem 0x0a00-000fff]
[    0.000000] PM: Registrenosave emy:[mem 0x0f00-0x000fffff]
[    0.000000] e820: [mem x40000000-0xfebffff avalae or PCIdece
[  00000] otng prartalized kereln VM
  0.0000] ocsoure:efned-ifes mas: ffffff max_cles 0ffffff m_ile_ns:76516002115 n
[  0.0000 suppercpu:NRCPUS:512 nr_cpumask_bits:512 nr_cpu_ids:2 nr_node_ids:1
[   .00000] RCU: Ebeed34 pgecp @fff80fc00009944 r19d3528 u10457
[   00000 PV piock hah bl entie: 256 (order: 0, 4096 bytes)
[    0.000000] Built 1 zonelists in Node order, mobility grouping on.  Total pages: 257913
[   0.000] Pli zne: MA
    .000] Kern cmandlin BOT_IMAGE=bo/vlinu-44.-112-generic root=UUID=ee8827e1-8636-41fb-9829-982477f6eec9 ro console=tty1 console=ttyS0
[   00000]IDhah talenties: 496orer: 3 368byts)[   0.000] Mor 99730/18120Kvalable 49 kernelod, 1309K rwat 388K rodata, 1508K init, 1316K bss, 50812K reserved, 0K cma-reserved)
[    0.000000] SLUB: HWalign=64, Order=0-3, MinObject=0CPs=2, Nodes=1
[   0.000] KeelUsr pae bls islaon enale
[   0.000000] HierarchialRCimplmeaton.[  0.000] Buil-te djustmt  leaf anuto 64
  0.00000	RU restricngCPUsfr N_CPUS12o nr_cpuid2.
[   00000]RC Ajustngeoetryorcu_fno_laf=6, _cpu_ids=2
[  0.000]NR_IRQ:33024 nr_irqs:440 16
[    0.000000] Console: colour VGA+ 80x25
[    0.000000] console [tty1] enabled
[    0.000000] console tt0] eabd
[    0.000000] tsc: Detected 2711.996 MHz processor
[   12.569116] Calibrating delay loop (skipped) preset value.. 5423.99 BogoMIPS (lpj=10847984)
[   12.728504] pid_max: default: 32768 minimum: 301
[   12.733236] ACPI: Core revision 20150930
[   12.734823] ACPI: 2 ACPI AML tables successfully acquired and loaded
[   12.772352] Security Framework initialized
[   12.850767] Yama: becoming mindful.
[   12.851736] AppArmor: AppArmor initialized
[   12.852849] Dentry cache hash table entries: 131072 (order: 8, 1048576 bytes)
[   12.893805] Inode-cache hash table entries: 65536 (order: 7, 524288 bytes)
[   13.008863] Mount-cache hash table entries: 2048 (order: 2, 16384 bytes)
[   13.124442] Mountpoint-cache hash table entries: 2048 (order: 2, 16384 bytes)
[   13.229573] Initializing cgroup subsys io
[   13.308891] Initializing cgroup subsys memory
[   13.326153] Initializing cgroup subsys devices
[   13.347971] Initializing cgroup subsys freezer
[   13.348931] Initializing cgroup subsys net_cls
[   13.428597] Initializing cgroup subsys perf_event
[   13.469064] Initializing cgroup subsys net_prio
[   13.469864] Initializing cgroup subsys hugetlb
[   13.470634] Initializing cgroup subsys pids
[   13.471458] CPU: Physical Processor ID: 0
[   13.472209] CPU: Processor Core ID: 0
[   13.472903] FEATURE SPEC_CTRL Not Present
[   13.475259] mce: CPU supports 0 MCE banks
[   13.492538] Last level iTLB entries: 4KB 64, 2MB 8, 4MB 8
[   13.493434] Last level dTLB entries: 4KB 64, 2MB 0, 4MB 0, 1GB 4
[   13.496357] Freeing SMP alternatives memory: 32K
[   13.551510] ftrace: allocating 32180 entries in 126 pages
[   13.628696] smpboot: APIC(0) Converting physical 0 to logical package 0
[   13.726169] smpboot: Max logical packages: 1
[   13.803816] x2apic enabled
[   13.853675] Switched APIC routing to physical x2apic.
[   13.953717] ..TIMER: vector=0x30 apic1=0 pin1=2 apic2=-1 pin2=-1
[   14.116221] smpboot: CPU0: Intel(R) Core(TM) i5-7200U CPU @ 2.50GHz (family: 0x6, model: 0x8e, stepping: 0x9)
[   14.253852] Performance Events: unsupported p6 CPU model 142 no PMU driver, software events only.
[   14.345431] KVM setup paravirtual spinlock
[   14.346817] x86: Booting SMP configuration:
[   14.347559] .... node  #0, CPUs:      #1
[   14.348346] kvm-clock: cpu 1, msr 0:3ffe3041, secondary cpu clock
[   14.370892] mce: CPU supports 0 MCE banks
[   14.373750] x86: Booted up 1 node, 2 CPUs
[   14.387989] smpboot: Total of 2 processors activated (10847.98 BogoMIPS)
[   14.394616] devtmpfs: initialized
[   14.418727] evm: security.selinux
[   14.429868] evm: security.SMACK64
[   14.432812] evm: security.SMACK64EXEC
[   14.471695] evm: security.SMACK64TRANSMUTE
[   14.497741] evm: security.SMACK64MMAP
[   14.498447] evm: security.ima
[   14.499036] evm: security.capability
[   14.499876] clocksource: jiffies: mask: 0xffffffff max_cycles: 0xffffffff, max_idle_ns: 7645041785100000 ns
[   14.503384] futex hash table entries: 512 (order: 3, 32768 bytes)
[   14.507769] pinctrl core: initialized pinctrl subsystem
[   14.508730] RTC time: 13:21:13, date: 02/06/18
[   14.509622] NET: Registered protocol family 16
[   14.521105] cpuidle: using governor ladder
[   14.553618] cpuidle: using governor menu
[   14.575511] PCCT header not found.
[   14.576233] ACPI: bus type PCI registered
[   14.576951] acpiphp: ACPI Hot Plug PCI Controller Driver version: 0.5
[   14.578063] PCI: Using configuration type 1 for base access
[   14.590678] ACPI: Added _OSI(Module Device)
[   14.645214] ACPI: Added _OSI(Processor Device)
[   14.697911] ACPI: Added _OSI(3.0 _SCP Extensions)
[   14.743200] ACPI: Added _OSI(Processor Aggregator Device)
[   14.753671] ACPI: Executed 1 blocks of module-level executable AML code
[   14.861183] ACPI: Interpreter enabled
[   14.903181] ACPI: (supports S0 S5)
[   14.945420] ACPI: Using IOAPIC for interrupt routing
[   14.981502] PCI: Using host bridge windows from ACPI; if necessary, use "pci=nocrs" and report a bug
[   15.071529] ACPI: PCI Root Bridge [PCI0] (domain 0000 [bus 00-ff])
[   15.151500] acpi PNP0A03:00: _OSC: OS supports [ASPM ClockPM Segments MSI]
[   15.211426] acpi PNP0A03:00: _OSC: not requesting OS control; OS requires [ExtendedConfig ASPM ClockPM MSI]
[   15.319715] acpi PNP0A03:00: fail to add MMCONFIG information, can't access extended PCI configuration space under this bridge.
[   15.435889] PCI host bridge to bus 0000:00
[   15.452044] pci_bus 0000:00: root bus resource [io  0x0000-0x0cf7 window]
[   15.475400] pci_bus 0000:00: root bus resource [io  0x0d00-0xffff window]
[   15.515564] pci_bus 0000:00: root bus resource [mem 0x000a0000-0x000bffff window]
[   15.584572] pci_bus 0000:00: root bus resource [mem 0x40000000-0xfdffffff window]
[   15.674690] pci_bus 0000:00: root bus resource [bus 00-ff]
[   15.725439] pci 0000:00:01.1: legacy IDE quirk: reg 0x10: [io  0x01f0-0x01f7]
[   15.815872] pci 0000:00:01.1: legacy IDE quirk: reg 0x14: [io  0x03f6]
[   15.904153] pci 0000:00:01.1: legacy IDE quirk: reg 0x18: [io  0x0170-0x0177]
[   15.977807] pci 0000:00:01.1: legacy IDE quirk: reg 0x1c: [io  0x0376]
[   16.086198] pci 0000:00:07.0: quirk: [io  0x4000-0x403f] claimed by PIIX4 ACPI
[   16.170743] pci 0000:00:07.0: quirk: [io  0x4100-0x410f] claimed by PIIX4 SMB
[   16.235181] ACPI: PCI Interrupt Link [LNKA] (IRQs 5 9 10 *11)
[   16.257478] ACPI: PCI Interrupt Link [LNKB] (IRQs 5 9 *10 11)
[   16.258823] ACPI: PCI Interrupt Link [LNKC] (IRQs 5 *9 10 11)
[   16.260157] ACPI: PCI Interrupt Link [LNKD] (IRQs 5 9 10 *11)
[   16.261569] ACPI: Enabled 2 GPEs in block 00 to 07
[   16.262703] vgaarb: setting as boot device: PCI:0000:00:02.0
[   16.263618] vgaarb: device added: PCI:0000:00:02.0,decodes=io+mem,owns=io+mem,locks=none
[   16.278593] vgaarb: loaded
[   16.279169] vgaarb: bridge control possible 0000:00:02.0
[   16.280245] SCSI subsystem initialized
[   16.281039] ACPI: bus type USB registered
[   16.281777] usbcore: registered new interface driver usbfs
[   16.301956] usbcore: registered new interface driver hub
[   16.304988] usbcore: registered new device driver usb
[   16.306650] PCI: Using ACPI for IRQ routing
[   16.365936] NetLabel: Initializing
[   16.396217] NetLabel:  domain hash size = 128
[   16.454858] NetLabel:  protocols = UNLABELED CIPSOv4
[   16.502343] NetLabel:  unlabeled traffic allowed by default
[   16.513834] amd_nb: Cannot enumerate AMD northbridges
[   16.520463] clocksource: Switched to clocksource kvm-clock
[   16.550804] AppArmor: AppArmor Filesystem Enabled
[ 16586]pnp: PnPAC it  16683]npPnACI:oud dece

[   17.399098] clocksource: acpi_pm: mask: 0xffffff max_cycles: 0xffffff, max_idle_ns: 2085701024 ns
[   17.559431] NET: Registered protocol family 2
[   17.566067] TCP established hash table entries: 8192 (order: 4, 65536 bytes)
[   17.571180] TCP bind hash table entries: 8192 (order: 5, 131072 bytes)
[   17.578729] TCP: Hash tables configured (established 8192 bind 8192)
[   17.621438] UDP hash table entries: 512 (order: 2, 16384 bytes)
[   17.739499] UDP-Lite hash table entries: 512 (order: 2, 16384 bytes)
[   17.761378] NET: Registered protocol family 1
[   17.762163] pci 0000:00:00.0: Limiting direct PCI/PCI transfers
[   17.778294] pci 0000:00:01.0: Activating ISA DMA hang workarounds
[   17.779396] Unpacking initramfs...
[   17.995150] Freeing initrd memory: 15224K
[   18.037083] platform rtc_cmos: registered platform RTC device (no PNP device found)
[   18.152488] Scanning for low memory corruption every 60 seconds
[   18.204923] audit: initializing netlink subsys (disabled)
[   18.314533] audit: type=2000 audit(1517923266.207:1): initialized
[   18.366847] Initialise system trusted keyring
[   18.432689] HugeTLB registered 2 MB page size, pre-allocated 0 pages
[   18.574871] zbud: loaded
[   18.599544] VFS: Disk quotas dquot_6.6.0
[   18.637786] VFS: Dquot-cache hash table entries: 512 (order 0, 4096 bytes)
[   18.710267] squashfs: version 4.0 (2009/01/31) Phillip Lougher
[   18.724789] fuse init (API version 7.23)
[   18.792122] Key type big_key registered
[   18.838552] Allocating IMA MOK and blacklist keyrings.
[   18.862307] Key type asymmetric registered
[   18.920604] Asymmetric key parser 'x509' registered
[   19.004148] Block layer SCSI generic (bsg) driver version 0.4 loaded (major 249)
[   19.232077] io scheduler noop registered
[   19.233224] tsc: Refined TSC clocksource calibration: 2713.002 MHz
[   19.233226] clocksource: tsc: mask: 0xffffffffffffffff max_cycles: 0x271b391016c, max_idle_ns: 440795265620 ns
[   19.399307] io scheduler deadline registered (default)
[   19.400215] io scheduler cfq registered
[   19.401044] pci_hotplug: PCI Hot Plug PCI Core version: 0.5
[   19.401962] pciehp: PCI Express Hot Plug Controller Driver version: 0.4
[   19.403106] ACPI: AC Adapter [AC] (on-line)
[   19.403891] input: Power Button as /devices/LNXSYSTM:00/LNXPWRBN:00/input/input0
[   19.408151] ACPI: Power Button [PWRF]
[   19.410330] input: Sleep Button as /devices/LNXSYSTM:00/LNXSLPBN:00/input/input1
[   19.411648] ACPI: Sleep Button [SLPF]
[   19.451685] GHES: HEST is not enabled!
[   19.452274] ACPI: Battery Slot [BAT0] (battery present)
[   19.629315] Serial: 8250/16550 driver, 32 ports, IRQ sharing enabled
[   19.706275] 00:02: ttyS0 at I/O 0x3f8 (irq = 4, base_baud = 115200) is a 16550A
[   19.730388] Linux agpgart interface v0.103
[   19.747301] loop: module loaded
[   19.756517] scsi host0: ata_piix
[   19.766269] scsi host1: ata_piix
[   19.766928] ata1: PATA max UDMA/33 cmd 0x1f0 ctl 0x3f6 bmdma 0xd000 irq 14
[   19.767986] ata2: PATA max UDMA/33 cmd 0x170 ctl 0x376 bmdma 0xd008 irq 15
[   19.788157] libphy: Fixed MDIO Bus: probed
[   19.807091] tun: Universal TUN/TAP device driver, 1.6
[   19.808008] tun: (C) 1999-2004 Max Krasnyansky <maxk@qualcomm.com>
[   19.809059] PPP generic driver version 2.4.2
[   19.809872] ehci_hcd: USB 2.0 'Enhanced' Host Controller (EHCI) Driver
[   19.810904] ehci-pci: EHCI PCI platform driver
[   19.811682] ehci-platform: EHCI generic platform driver
[   19.812557] ohci_hcd: USB 1.1 'Open' Host Controller (OHCI) Driver
[   19.813586] ohci-pci: OHCI PCI platform driver
[   19.814381] ohci-platform: OHCI generic platform driver
[   19.815251] uhci_hcd: USB Universal Host Controller Interface driver
[   19.816304] i8042: PNP: PS/2 Controller [PNP0303:PS2K,PNP0f03:PS2M] at 0x60,0x64 irq 1,12
[   19.818171] serio: i8042 KBD port at 0x60,0x64 irq 1
[   19.819015] serio: i8042 AUX port at 0x60,0x64 irq 12
[   19.819939] mousedev: PS/2 mouse device common for all mice
[   19.828913] input: AT Translated Set 2 keyboard as /devices/platform/i8042/serio0/input/input2
[   19.832981] rtc_cmos rtc_cmos: rtc core: registered rtc_cmos as rtc0
[   19.834032] rtc_cmos rtc_cmos: alarms up to one day, 114 bytes nvram
[   19.835038] i2c /dev entries driver
[   19.835739] device-mapper: uevent: version 1.0.3
[   19.836601] device-mapper: ioctl: 4.34.0-ioctl (2015-10-28) initialised: dm-devel@redhat.com
[   19.838061] ledtrig-cpu: registered to indicate activity on CPUs
[   19.839531] NET: Registered protocol family 10
[   19.882835] NET: Registered protocol family 17
[   19.933072] Key type dns_resolver registered
[   19.993493] microcode: CPU0 sig=0x806e9, pf=0x2, revision=0x0
[   19.995920] microcode: CPU1 sig=0x806e9, pf=0x2, revision=0x0
[   20.040127] microcode: Microcode Update Driver: v2.01 <tigran@aivazian.fsnet.co.uk>, Peter Oruba
[   20.193010] registered taskstats version 1
[   20.246554] Loading compiled-in X.509 certificates
[   20.279893] Loaded X.509 cert 'Build time autogenerated kernel key: 4c603087bab8f0a02cb3b4e1fb4c40f507e71ef1'
[   20.389784] zswap: loaded using pool lzo/zbud
[   20.421343] Key type trusted registered
[   20.452867] Key type encrypted registered
[   20.512973] AppArmor: AppArmor sha1 policy hashing enabled
[   20.548800] ima: No TPM chip found, activating TPM-bypass!
[   20.620455] evm: HMAC attrs: 0x1
[   20.656059]   Magic number: 6:625:381
[   20.692174] rtc_cmos rtc_cmos: setting system clock to 2018-02-06 13:21:19 UTC (1517923279)
[   20.746745] BIOS EDD facility v0.16 2004-Jun-25, 0 devices found
[   20.757844] EDD information not available.
[   20.766423] Freeing unused kernel memory: 1508K
[   20.769177] Write protecting the kernel read-only data: 14336k
[   20.780262] Freeing unused kernel memory: 1728K
[   20.799335] Freeing unused kernel memory: 108K
Loading, please [   20.848190] random: systemd-udevd: uninitialized urandom read (16 bytes read, 5 bits of entropy available)
wait...
starting version 229
[   20.848747] random: udevadm: uninitialized urandom read (16 bytes read, 5 bits of entropy available)
[   20.848765] random: udevadm: uninitialized urandom read (16 bytes read, 5 bits of entropy available)
[   20.857944] random: udevadm: uninitialized urandom read (16 bytes read, 5 bits of entropy available)
[   20.857986] random: udevadm: uninitialized urandom read (16 bytes read, 5 bits of entropy available)
[   20.858122] random: udevadm: uninitialized urandom read (16 bytes read, 5 bits of entropy available)
[   20.858174] random: udevadm: uninitialized urandom read (16 bytes read, 5 bits of entropy available)
[   20.858225] random: udevadm: uninitialized urandom read (16 bytes read, 5 bits of entropy available)
[   20.858278] random: udevadm: uninitialized urandom read (16 bytes read, 5 bits of entropy available)
[   20.858328] random: udevadm: uninitialized urandom read (16 bytes read, 5 bits of entropy available)
[   20.951608] e1000: Intel(R) PRO/1000 Network Driver - version 7.3.21-k8-NAPI
[   20.959634] e1000: Copyright (c) 1999-2006 Intel Corporation.
[   20.970200] Fusion MPT base driver 3.04.20
[   21.030621] Copyright (c) 1999-2008 LSI Corporation
[   21.088641] AVX2 version of gcm_enc/dec engaged.
[   21.097397] AES CTR mode by8 optimization enabled
[   21.107485] Fusion MPT SPI Host driver 3.04.20
[   21.258277] input: ImExPS/2 Generic Explorer Mouse as /devices/platform/i8042/serio1/input/input4
[   21.443662] e1000 0000:00:03.0 eth0: (PCI:33MHz:32-bit) 02:53:17:3c:de:80
[   21.554930] e1000 0000:00:03.0 eth0: Intel(R) PRO/1000 Network Connection
[   21.634365] mptbase: ioc0: Initiating bringup
[   21.753725] ioc0: LSI53C1030 A0: Capabilities={Initiator}
[   21.975688] scsi host2: ioc0: LSI53C1030 A0, FwRev=00000000h, Ports=1, MaxQ=256, IRQ=20
[   22.207329] scsi 2:0:0:0: Direct-Access     VBOX     HARDDISK         1.0  PQ: 0 ANSI: 5
[   22.242256] scsi target2:0:0: Beginning Domain Validation
[   22.255171] scsi target2:0:0: Domain Validation skipping write tests
[   22.359152] scsi target2:0:0: Ending Domain Validation
[   22.366749] scsi target2:0:0: asynchronous
[   22.371549] scsi 2:0:1:0: Direct-Access     VBOX     HARDDISK         1.0  PQ: 0 ANSI: 5
[   22.378542] scsi target2:0:1: Beginning Domain Validation
[   22.380710] scsi target2:0:1: Domain Validation skipping write tests
[   22.385209] scsi target2:0:1: Ending Domain Validation
[   22.396048] scsi target2:0:1: asynchronous
[   22.465302] sd 2:0:0:0: Attached scsi generic sg0 type 0
[   22.496431] sd 2:0:0:0: [sda] 20971520 512-byte logical blocks: (10.7 GB/10.0 GiB)
[   22.503594] sd 2:0:0:0: [sda] Write Protect is off
[   22.514708] sd 2:0:1:0: [sdb] 20480 512-byte logical blocks: (10.5 MB/10.0 MiB)
[   22.536124] sd 2:0:1:0: Attached scsi generic sg1 type 0
[   22.536367] sd 2:0:1:0: [sdb] Write Protect is off
[   22.536427] sd 2:0:1:0: [sdb] Incomplete mode parameter data
[   22.536428] sd 2:0:1:0: [sdb] Assuming drive cache: write through
[   22.542429] sd 2:0:1:0: [sdb] Attached SCSI disk
[   22.556639] sd 2:0:0:0: [sda] Incomplete mode parameter data
[   22.556640] sd 2:0:0:0: [sda] Assuming drive cache: write through
[   22.557768]  sda: sda1
[   22.558281] sd 2:0:0:0: [sda] Attached SCSI disk
[   22.581281] e1000 0000:00:08.0 eth1: (PCI:33MHz:32-bit) 08:00:27:3d:83:e1
[   22.581283] e1000 0000:00:08.0 eth1: Intel(R) PRO/1000 Network Connection
[   22.623351] e1000 0000:00:03.0 enp0s3: renamed from eth0
[   22.676892] e1000 0000:00:08.0 enp0s8: renamed from eth1
[   23.969144] floppy0: no floppy controllers found
Begin: Loading e[   25.389869] md: linear personality registered for level -1
ssential drivers ... [   25.483871] md: multipath personality registered for level -4
[   25.555837] md: raid0 personality registered for level 0
[   25.633745] md: raid1 personality registered for level 1
[   25.761037] raid6: sse2x1   gen() 10430 MB/s
[   25.861142] raid6: sse2x1   xor()  7857 MB/s
[   25.992635] raid6: sse2x2   gen() 13208 MB/s
[   26.105480] raid6: sse2x2   xor()  9084 MB/s
[   26.229126] raid6: sse2x4   gen() 11985 MB/s
[   26.352814] raid6: sse2x4   xor() 10006 MB/s
[   26.480474] raid6: avx2x1   gen() 21047 MB/s
[   26.557873] raid6: avx2x2   gen() 25170 MB/s
[   26.684505] raid6: avx2x4   gen() 26557 MB/s
[   26.745711] raid6: using algorithm avx2x4 gen() 26557 MB/s
[   26.789350] raid6: using avx2x2 recovery algorithm
[   26.846377] xor: automatically using best checksumming function:
[   26.892554]    avx       : 20288.000 MB/sec
[   26.951951] async_tx: api initialized (async)
[   26.987930] md: raid6 personality registered for level 6
[   27.056892] md: raid5 personality registered for level 5
[   27.125490] md: raid4 personality registered for level 4
[   27.202181] md: raid10 personality registered for level 10
done.
Begin: Running /scripts/init-premount ... done[   27.254655] Btrfs loaded
.
Begin: Mounting root file system ... Begin: Running /scripts/local-top ... done.
Begin: Running /scripts/local-premount ... Scanning for Btrfs filesystems
done.
Warning: fsck no[   27.335687] EXT4-fs (sda1): mounted filesystem with ordered data mode. Opts: (null)
t present, so skipping root file system
done.
Begin: Running /scripts/local-bottom ... done.
Begin: Running /scripts/init-bottom ... done.
[   27.629804] systemd[1]: systemd 229 running in system mode. (+PAM +AUDIT +SELINUX +IMA +APPARMOR +SMACK +SYSVINIT +UTMP +LIBCRYPTSETUP +GCRYPT +GNUTLS +ACL +XZ -LZ4 +SECCOMP +BLKID +ELFUTILS +KMOD -IDN)
[   27.860007] systemd[1]: Detected virtualization oracle.
[   27.864307] systemd[1]: Detected architecture x86-64.

Welcome to [1mUbuntu 16.04.3 LTS[0m!

[   27.902441] systemd[1]: Set hostname to <ubuntu-xenial>.
[   28.066513] systemd[1]: Listening on Syslog Socket.
[[0;32m  OK  [0m] Listening on Syslog Socket.
[   28.241747] systemd[1]: Reached target Encrypted Volumes.
[[0;32m  OK  [0m] Reached target Encrypted Volumes.
[   28.293311] systemd[1]: Listening on Journal Audit Socket.
[[0;32m  OK  [0m] Listening on Journal Audit Socket.
[   28.309243] systemd[1]: Listening on Journal Socket (/dev/log).
[[0;32m  OK  [0m] Listening on Journal Socket (/dev/log).
[   28.396697] systemd[1]: Reached target User and Group Name Lookups.
[[0;32m  OK  [0m] Reached target User and Group Name Lookups.
[   28.444581] systemd[1]: Listening on udev Kernel Socket.
[[0;32m  OK  [0m] Listening on udev Kernel Socket.
[   28.648446] systemd[1]: Listening on Journal Socket.
[[0;32m  OK  [0m] Listening on Journal Socket.
[   28.681713] systemd[1]: Listening on udev Control Socket.
[[0;32m  OK  [0m] Listening on udev Control Socket.
[   28.717752] systemd[1]: Created slice User and Session Slice.
[[0;32m  OK  [0m] Created slice User and Session Slice.
[   28.796967] systemd[1]: Started Forward Password Requests to Wall Directory Watch.
[[0;32m  OK  [0m] Started Forward Password Requests to Wall Directory Watch.
[   29.001264] systemd[1]: Started Trigger resolvconf update for networkd DNS.
[[0;32m  OK  [0m] Started Trigger resolvconf update for networkd DNS.
[   29.187127] systemd[1]: Created slice System Slice.
[[0;32m  OK  [0m] Created slice System Slice.
[   29.341249] systemd[1]: Starting Uncomplicated firewall...
[   29.344888] random: nonblocking pool is initialized
         Starting Uncomplicated firewall...
[   29.397874] systemd[1]: Mounting POSIX Message Queue File System...
         Mounting POSIX Message Queue File System...
[   29.528807] systemd[1]: Mounting Huge Pages File System...
         Mounting Huge Pages File System...
[   29.601323] systemd[1]: Starting Set console keymap...
         Starting Set console keymap...
[   29.669311] systemd[1]: Starting Nameserver information manager...
         Starting Nameserver information manager...
[   29.749716] systemd[1]: Starting Remount Root and Kernel File Systems...
[   29.765104] EXT4-fs (sda1): re-mounted. Opts: (null)
         Starting Remount Root and Kernel File Systems...
[   29.934664] systemd[1]: Created slice system-serial\x2dgetty.slice.
[[0;32m  OK  [0m] Created slice system-serial\x2dgetty.slice.
[   30.153873] systemd[1]: Starting Create list of required static device nodes for the current kernel...
         Starting Create list of required st... nodes for the current kernel...
[   30.340980] systemd[1]: Mounting Debug File System...
         Mounting Debug File System...
[   30.425740] systemd[1]: Starting Load Kernel Modules...
         Startin[   30.451687] Loading iSCSI transport class v2.0-870.
g Load Kernel Modules...
[   30.481304] systemd[1]: Listening on LVM2 metadata daemon socket.
[[0;32m  OK  [0m] Listening on[   30.507323] iscsi: registered transport (tcp)
 LVM2 metadata daemon socket.
[   30.556721] systemd[1]: Reached target Slices.
[[0;32m  OK  [0m] Reached target Slices.
[   30.572510] iscsi: registered transport (iser)
[   30.597135] systemd[1]: Starting Journal Service...
         Starting Journal Service...
[   30.649824] systemd[1]: Set up automount Arbitrary Executable File Formats File System Automount Point.
[[0;32m  OK  [0m] Set up automount Arbitrary Executab...ats File System Automount Point.
[   30.939676] systemd[1]: Reached target Swap.
[[0;32m  OK  [0m] Reached target Swap.
[   31.045786] systemd[1]: Listening on Device-mapper event daemon FIFOs.
[[0;32m  OK  [0m] Listening on Device-mapper event daemon FIFOs.
[   31.261183] systemd[1]: Starting Monitoring of LVM2 mirrors, snapshots etc. using dmeventd or progress polling...
         Starting Monitoring of LVM2 mirrors... dmeventd or progress polling...
[   31.469830] systemd[1]: Listening on LVM2 poll daemon socket.
[[0;32m  OK  [0m] Listening on LVM2 poll daemon socket.
[   31.561761] systemd[1]: Listening on /dev/initctl Compatibility Named Pipe.
[[0;32m  OK  [0m] Listening on /dev/initctl Compatibility Named Pipe.
[   31.594876] systemd[1]: Mounted Huge Pages File System.
[[0;32m  OK  [0m] Mounted Huge Pages File System.
[   31.689086] systemd[1]: Mounted Debug File System.
[[0;32m  OK  [0m] Mounted Debug File System.
[   31.753636] systemd[1]: Mounted POSIX Message Queue File System.
[[0;32m  OK  [0m] Mounted POSIX Message Queue File System.
[   31.869464] systemd[1]: Started Journal Service.
[[0;32m  OK  [0m] Started Journal Service.
[[0;32m  OK  [0m] Started Uncomplicated firewall.
[[0;32m  OK  [0m] Started Set console keymap.
[[0;32m  OK  [0m] Started Remount Root and Kernel File Systems.
[[0;32m  OK  [0m] Started Create list of required sta...ce nodes for the current kernel.
[[0;32m  OK  [0m] Started Load Kernel Modules.
[[0;32m  OK  [0m] Started Nameserver information manager.
[[0;32m  OK  [0m] Started LVM2 metadata daemon.
         Starting Apply Kernel Variables...
         Mounting FUSE Control File System...
         Starting Create Static Device Nodes in /dev...
         Starting udev Coldplug all Devices...
         Starting Initial cloud-init job (pre-networking)...
         Starting Load/Save Random Seed...
         Starting Flush Journal to Persistent Storage...
[[0;32m  OK  [0m] Mounted FUSE Control File System.
[[0;32m  OK  [0m] Started Apply Kernel Variables.
[[0;32m  OK  [0m] Started Create Static Device Nodes in /dev.
[[0;32m  OK  [0m] Started Monitoring of LVM2 mirrors,...ng dmeventd or progress polling.
[[0;32m  OK  [0m] Started Load/Save Random Seed.
[[0;32m  OK  [0m] Started udev Coldplug all Devices.
[[0;32m  OK  [0m] Started Flush Journal to Persistent Storage.
         Starting udev Kernel Device Manager...
[[0;32m  OK  [0m] Started udev Kernel Device Manager.
[[0;32m  OK  [0m] Started Dispatch Password Requests to Console Directory Watch.
[[0;32m  OK  [0m] Reached target Local File Systems (Pre).
[[0;32m  OK  [0m] Reached target Local File Systems.
         Starting Tell Plymouth To Write Out Runtime Data...
         Starting Set console font and keymap...
         Starting LSB: AppArmor initialization...
         Starting Create Volatile Files and Directories...
[[0;32m  OK  [0m] Started Tell Plymouth To Write Out Runtime Data.
[[0;32m  OK  [0m] Started Create Volatile Files and Directories.
         Starting Update UTMP about System Boot/Shutdown...
[[0;32m  OK  [0m] Reached target System Time Synchronized.
[[0;32m  OK  [0m] Started LSB: AppArmor initialization.
[[0;32m  OK  [0m] Started Update UTMP about System Boot/Shutdown.
[[0;32m  OK  [0m] Started Set console font and keymap.
[[0;32m  OK  [0m] Found device /dev/ttyS0.
[[0;32m  OK  [0m] Created slice system-getty.slice.
[[0;32m  OK  [0m] Found device 82540EM Gigabit Ethern...r (PRO/1000 MT Desktop Adapter).
[[0;32m  OK  [0m] Found device 82540EM Gigabit Ethern...r (PRO/1000 MT Desktop Adapter).
[[0;32m  OK  [0m] Listening on Load/Save RF Kill Switch Status /dev/rfkill Watch.
[   17.970671] cloud-init[467]: Cloud-init v. 0.7.9 running 'init-local' at Tue, 06 Feb 2018 13:21:32 +0000. Up 17.57 seconds.
[[0;32m  OK  [0m] Started Initial cloud-init job (pre-networking).
[[0;32m  OK  [0m] Reached target Network (Pre).
[[0;32m  OK  [0m] Started ifup for enp0s8.
[[0;32m  OK  [0m] Started ifup for enp0s3.
         Starting Raise network interfaces...
[[0;32m  OK  [0m] Started Raise network interfaces.
[[0;32m  OK  [0m] Reached target Network.
         Starting Initial cloud-init job (metadata service crawler)...
[   21.359727] cloud-init[1063]: Cloud-init v. 0.7.9 running 'init' at Tue, 06 Feb 2018 13:21:35 +0000. Up 21.04 seconds.
[   21.420865] [cloud-init[0;32m  OK  [0m[1063]: ] ci-info: ++++++++++++++++++++++++++++++++++++++Net device info++++++++++++++++++++++++++++++++++++++Started Initial cloud-init job (metadata service crawler).

[   21.421219] cloud-init[1063]: ci-info: +--------+------+-----------------------------+---------------+-------+-------------------+
[   21.768962] [cloud-init[0;32m  OK  [0m[1063]: ] ci-info: | Device |  Up  |           Address           |      Mask     | Scope |     Hw-Address    |Reached target Network is Online.

[   21.770585] cloud-init[1063]: ci-info: +--------+------+-----------------------------+---------------+-------+-------------------+
[   22.102124] cloud-init[1063]: ci-info: |   lo   | True |          127.0.0.1          |   255.0.0.0   |   .   |         .         |
         Starting iSCSI initiator daemon (iscsid)...
[   22.104501] [cloud-init[0;32m  OK  [0m[1063]: ] ci-info: |   lo   | True |           ::1/128           |       .       |  host |         .         |Reached target System Initialization.

[   22.279015] cloud-init[1063]: ci-info: | enp0s8 | True |        10.11.215.235        | 255.255.255.0 |   .   | 08:00:27:3d:83:e1 |
[   22.597557] cloud-init[1063]: ci-info: | enp0s8 | True | fe80::a00:27ff:fe3d:83e1/64 |       .       |  link | 08:00:27:3d:83:e1 |
         Starting LXD - unix socket.
[   22.599297] cloud-init[1063]: ci-info: | enp0s3 | True |          10.0.2.15          | 255.255.255.0 |   .   | 02:53:17:3c:de:80 |
[   22.873653] [cloud-init[0;32m  OK  [0m[1063]: ] ci-info: | enp0s3 | True |  fe80::53:17ff:fe3c:de80/64 |       .       |  link | 02:53:17:3c:de:80 |Started ACPI Events Check.

[   22.875253] [cloud-init[0;32m  OK  [0m[1063]: ] ci-info: +--------+------+-----------------------------+---------------+-------+-------------------+Reached target Paths.

[   23.051208] [cloud-init[0;32m  OK  [0m[1063]: ] ci-info: +++++++++++++++++++++++++++Route IPv4 info++++++++++++++++++++++++++++Started Daily Cleanup of Temporary Directories.

[   23.341529] [cloud-init[0;32m  OK  [0m[1063]: ] ci-info: +-------+-------------+----------+---------------+-----------+-------+Listening on ACPID Listen Socket.

[   23.342641] [cloud-init[0;32m  OK  [0m[1063]: ] ci-info: | Route | Destination | Gateway  |    Genmask    | Interface | Flags |Listening on UUID daemon activation socket.

[   23.479868] cloud-init[1063]: ci-info: +-------+-------------+----------+---------------+-----------+-------+
[   23.769339] [cloud-init[0;32m  OK  [0m[1063]: ] ci-info: |   0   |   0.0.0.0   | 10.0.2.2 |    0.0.0.0    |   enp0s3  |   UG  |Started Timer to automatically refresh installed snaps.

[[0;32m  OK  [0m] Listening on D-Bus System Message Bus Socket.
[   23.770943] cloud-init[1063]: ci-info: |   1   |   10.0.2.0  | 0.0.0.0  | 255.255.255.0 |   enp0s3  |   U   |
         Starting Socket activation for snappy daemon.
[   23.968410] [cloud-init[0;32m  OK  [0m[1063]: ] ci-info: |   2   | 10.11.215.0 | 0.0.0.0  | 255.255.255.0 |   enp0s8  |   U   |Started Daily apt download activities.

[   24.199009] [cloud-init[0;32m  OK  [0m[1063]: ] ci-info: +-------+-------------+----------+---------------+-----------+-------+Started Daily apt upgrade and clean activities.

[[0;32m  OK  [0m] Reached target Timers.
[[0;32m  OK  [0m] Reached target Cloud-config availability.
[[0;32m  OK  [0m] Listening on LXD - unix socket.
[[0;32m  OK  [0m] Listening on Socket activation for snappy daemon.
[[0;32m  OK  [0m] Started iSCSI initiator daemon (iscsid).
         Starting Login to default iSCSI targets...
[[0;32m  OK  [0m] Reached target Sockets.
[[0;32m  OK  [0m] Reached target Basic System.
         Starting MySQL Community Server...
[[0;32m  OK  [0m] Started D-Bus System Message Bus.
         Starting Apply the settings specified in cloud-config...
[[0;32m  OK  [0m] Started ACPI event daemon.
         Starting Login Service...
         Starting Snappy daemon...
[[0;32m  OK  [0m] Started Deferred execution scheduler.
         Starting OpenBSD Secure Shell server...
         Starting The PHP 7.0 FastCGI Process Manager...
         Starting A high performance web server and a reverse proxy server...
         Starting LXD - container startup/shutdown...
[[0;32m  OK  [0m] Started Regular background program processing daemon.
         Starting Accounts Service...
[[0;32m  OK  [0m] Started Unattended Upgrades Shutdown.
         Starting /etc/rc.local Compatibility...
         Starting LSB: MD monitoring daemon...
         Starting System Logging Service...
[[0;32m  OK  [0m] Started FUSE filesystem for LXC.
         Starting LSB: Record successful boot for GRUB...
[[0;32m  OK  [0m] Started Snappy daemon.
[[0;32m  OK  [0m] Started OpenBSD Secure Shell server.
[[0;32m  OK  [0m] Started System Logging Service.
[   25.723790] cloud-init[1134]: Cloud-init v. 0.7.9 running 'modules:config' at Tue, 06 Feb 2018 13:21:40 +0000. Up 25.43 seconds.
[[0;32m  OK  [0m] Started Apply the settings specified in cloud-config.
[[0;32m  OK  [0m] Started LXD - container startup/shutdown.
[[0;32m  OK  [0m] Started /etc/rc.local Compatibility.
[[0;32m  OK  [0m] Started A high performance web server and a reverse proxy server.
[[0;32m  OK  [0m] Started The PHP 7.0 FastCGI Process Manager.
[[0;32m  OK  [0m] Started Login to default iSCSI targets.
[[0;32m  OK  [0m] Started Login Service.
[[0;32m  OK  [0m] Started LSB: MD monitoring daemon.
[[0;32m  OK  [0m] Started LSB: Record successful boot for GRUB.
         Starting Authenticate and Authorize Users to Run Privileged Tasks...
[[0;32m  OK  [0m] Reached target Remote File Systems (Pre).
[[0;32m  OK  [0m] Reached target Remote File Systems.
         Starting Permit User Sessions...
         Starting LSB: automatic crash report generation...
         Starting LSB: daemon to balance interrupts for SMP systems...
         Starting LSB: VirtualBox Linux Additions...
         Starting LSB: Set the CPU Frequency Scaling governor to "ondemand"...
[[0;32m  OK  [0m] Started Permit User Sessions.
[[0;32m  OK  [0m] Started Authenticate and Authorize Users to Run Privileged Tasks.
[[0;32m  OK  [0m] Started Accounts Service.
         Starting Terminate Plymouth Boot Screen...
         Starting Hold until boot process finishes up...
[[0;32m  OK  [0m] Started LSB: automatic crash report generation.
[[0;32m  OK  [0m] Started MySQL Community Server.
[[0;32m  OK  [0m] Started LSB: daemon to balance interrupts for SMP systems.
[[0;32m  OK  [0m] Started LSB: VirtualBox Linux Additions.
[[0;32m  OK  [0m] Started LSB: Set the CPU Frequency Scaling governor to "ondemand".
[[0;32m  OK  [0m] Started Terminate Plymouth Boot Screen.
[[0;32m  OK  [0m] Started Hold until boot process finishes up.
[[0;32m  OK  [0m] Started Getty on tty1.
[[0;32m  OK  [0m] Started Serial Getty on ttyS0.
[[0;32m  OK  [0m] Reached target Login Prompts.
         Starting Set console scheme...
[[0;32m  OK  [0m] Reached target Multi-User System.
         Starting Execute cloud user/final scripts...
[[0;32m  OK  [0m] Reached target Graphical Interface.
         Starting Update UTMP about System Runlevel Changes...
[[0;32m  OK  [0m] Started Set console scheme.
[[0;32m  OK  [0m] Started Update UTMP about System Runlevel Changes.
[   27.789232] cloud-init[1362]: Cloud-init v. 0.7.9 running 'modules:final' at Tue, 06 Feb 2018 13:21:42 +0000. Up 27.64 seconds.
[   27.904664] cloud-init[1362]: Cloud-init v. 0.7.9 finished at Tue, 06 Feb 2018 13:21:42 +0000. Datasource DataSourceNoCloud [seed=/dev/sdb][dsmode=net].  Up 27.78 seconds
[[0;32m  OK  [0m] Started Execute cloud user/final scripts.
[[0;32m  OK  [0m] Reached target Cloud-init target.
         Starting Daily apt download activities...
[[0;32m  OK  [0m] Started Daily apt download activities.

Ubuntu 16.04.3 LTS ubuntu-xenial ttyS0

ubuntu-xenial login: 